
> comment-card-extension@0.1.0 test:e2e
> playwright test

[36mvite v7.3.6 [32mbuilding client environment for production...[36m[39m
transforming...
[32m✓[39m 18 modules transformed.
rendering chunks...
computing gzip size...
[2mdist/[22m[32massets/index.ts-loader-Dxkc4eNO.js  [39m[1m[2m 0.34 kB[22m[1m[22m
[2mdist/[22m[32mmanifest.json                       [39m[1m[2m 0.52 kB[22m[1m[22m[2m │ gzip:  0.29 kB[22m
[2mdist/[22m[36massets/index.ts-CVD2jMiu.js         [39m[1m[2m38.60 kB[22m[1m[22m[2m │ gzip: 13.18 kB[22m
[32m✓ built in 219ms[39m
[36mvite v7.3.6 [32mbuilding client environment for e2e...[36m[39m
transforming...
[32m✓[39m 18 modules transformed.
rendering chunks...
computing gzip size...
[2mdist/[22m[32massets/index.ts-loader-wlzKX58S.js  [39m[1m[2m 0.34 kB[22m[1m[22m
[2mdist/[22m[32mmanifest.json                       [39m[1m[2m 0.50 kB[22m[1m[22m[2m │ gzip:  0.28 kB[22m
[2mdist/[22m[36massets/index.ts-DFJL1Yu7.js         [39m[1m[2m38.64 kB[22m[1m[22m[2m │ gzip: 13.19 kB[22m
[32m✓ built in 227ms[39m

Running 5 tests using 1 worker

  ok 1 tests\e2e\selection-flow.spec.ts:72:1 › loads the unpacked extension and downloads a non-empty PNG through the full selection flow (3.8s)
  ok 2 tests\e2e\selection-flow.spec.ts:112:1 › supports every selection exit while wheel keeps selection active (1.2s)
  ok 3 tests\e2e\selection-flow.spec.ts:148:1 › reduced motion disables the cyclic entry animation without blocking selection (956ms)
  ok 4 tests\e2e\selection-flow.spec.ts:166:1 › uses the production visual layer for a nested modern Shadow DOM comment (983ms)
  ok 5 tests\e2e\selection-flow.spec.ts:182:1 › keeps the visual layer active while moving directly between comments (999ms)
[36mvite v7.3.6 [32mbuilding client environment for production...[36m[39m
transforming...
[32m✓[39m 18 modules transformed.
rendering chunks...
computing gzip size...
[2mdist/[22m[32massets/index.ts-loader-Dxkc4eNO.js  [39m[1m[2m 0.34 kB[22m[1m[22m
[2mdist/[22m[32mmanifest.json                       [39m[1m[2m 0.52 kB[22m[1m[22m[2m │ gzip:  0.29 kB[22m
[2mdist/[22m[36massets/index.ts-CVD2jMiu.js         [39m[1m[2m38.60 kB[22m[1m[22m[2m │ gzip: 13.18 kB[22m
[32m✓ built in 217ms[39m

  5 passed (11.7s)
