
> comment-card-extension@0.1.0 test:e2e
> playwright test

[36mvite v7.3.6 [32mbuilding client environment for production...[36m[39m
transforming...
[32m✓[39m 18 modules transformed.
rendering chunks...
computing gzip size...
[2mdist/[22m[32massets/index.ts-loader-Bqwzi_6H.js  [39m[1m[2m 0.34 kB[22m[1m[22m
[2mdist/[22m[32mmanifest.json                       [39m[1m[2m 0.52 kB[22m[1m[22m[2m │ gzip:  0.29 kB[22m
[2mdist/[22m[36massets/index.ts-BRFMi2TI.js         [39m[1m[2m38.47 kB[22m[1m[22m[2m │ gzip: 13.15 kB[22m
[32m✓ built in 207ms[39m
[36mvite v7.3.6 [32mbuilding client environment for e2e...[36m[39m
transforming...
[32m✓[39m 18 modules transformed.
rendering chunks...
computing gzip size...
[2mdist/[22m[32massets/index.ts-loader-np4bvduR.js  [39m[1m[2m 0.34 kB[22m[1m[22m
[2mdist/[22m[32mmanifest.json                       [39m[1m[2m 0.50 kB[22m[1m[22m[2m │ gzip:  0.28 kB[22m
[2mdist/[22m[36massets/index.ts-DPIyb7uw.js         [39m[1m[2m38.51 kB[22m[1m[22m[2m │ gzip: 13.16 kB[22m
[32m✓ built in 206ms[39m

Running 4 tests using 1 worker

  ok 1 tests\e2e\selection-flow.spec.ts:72:1 › loads the unpacked extension and downloads a non-empty PNG through the full selection flow (1.5s)
  ok 2 tests\e2e\selection-flow.spec.ts:112:1 › supports every selection exit while wheel keeps selection active (1.1s)
  ok 3 tests\e2e\selection-flow.spec.ts:148:1 › reduced motion disables the cyclic entry animation without blocking selection (924ms)
  ok 4 tests\e2e\selection-flow.spec.ts:166:1 › uses the production visual layer for a nested modern Shadow DOM comment (997ms)
[36mvite v7.3.6 [32mbuilding client environment for production...[36m[39m
transforming...
[32m✓[39m 18 modules transformed.
rendering chunks...
computing gzip size...
[2mdist/[22m[32massets/index.ts-loader-Bqwzi_6H.js  [39m[1m[2m 0.34 kB[22m[1m[22m
[2mdist/[22m[32mmanifest.json                       [39m[1m[2m 0.52 kB[22m[1m[22m[2m │ gzip:  0.29 kB[22m
[2mdist/[22m[36massets/index.ts-BRFMi2TI.js         [39m[1m[2m38.47 kB[22m[1m[22m[2m │ gzip: 13.15 kB[22m
[32m✓ built in 229ms[39m

  4 passed (7.8s)
