
> comment-card-extension@0.1.0 test:e2e
> playwright test

[36mvite v7.3.6 [32mbuilding client environment for production...[36m[39m
transforming...
[32m✓[39m 19 modules transformed.
rendering chunks...
computing gzip size...
[2mdist/[22m[32massets/index.ts-loader-Ddi9xcvE.js  [39m[1m[2m 0.34 kB[22m[1m[22m
[2mdist/[22m[32mmanifest.json                       [39m[1m[2m 0.52 kB[22m[1m[22m[2m │ gzip:  0.29 kB[22m
[2mdist/[22m[36massets/index.ts-CXXf6R6r.js         [39m[1m[2m41.25 kB[22m[1m[22m[2m │ gzip: 13.81 kB[22m
[32m✓ built in 228ms[39m
[36mvite v7.3.6 [32mbuilding client environment for e2e...[36m[39m
transforming...
[32m✓[39m 19 modules transformed.
rendering chunks...
computing gzip size...
[2mdist/[22m[32massets/index.ts-loader-CXsoEn5W.js  [39m[1m[2m 0.34 kB[22m[1m[22m
[2mdist/[22m[32mmanifest.json                       [39m[1m[2m 0.50 kB[22m[1m[22m[2m │ gzip:  0.28 kB[22m
[2mdist/[22m[36massets/index.ts-CPxcP3pc.js         [39m[1m[2m41.29 kB[22m[1m[22m[2m │ gzip: 13.82 kB[22m
[32m✓ built in 231ms[39m

Running 6 tests using 1 worker

  ok 1 tests\e2e\selection-flow.spec.ts:72:1 › loads the unpacked extension and downloads a non-empty PNG through the full selection flow (1.9s)
  ok 2 tests\e2e\selection-flow.spec.ts:112:1 › supports every selection exit while wheel keeps selection active (1.2s)
  ok 3 tests\e2e\selection-flow.spec.ts:148:1 › reduced motion disables the cyclic entry animation without blocking selection (996ms)
  ok 4 tests\e2e\selection-flow.spec.ts:166:1 › selects a real-structure modern reply and keeps the visual layer continuous (1.3s)
  ok 5 tests\e2e\selection-flow.spec.ts:191:1 › keeps the visual layer active while moving directly between comments (1.1s)
  ok 6 tests\e2e\selection-flow.spec.ts:207:1 › reconciles a new comment under a stationary pointer after scrolling (1.1s)
[36mvite v7.3.6 [32mbuilding client environment for production...[36m[39m
transforming...
[32m✓[39m 19 modules transformed.
rendering chunks...
computing gzip size...
[2mdist/[22m[32massets/index.ts-loader-Ddi9xcvE.js  [39m[1m[2m 0.34 kB[22m[1m[22m
[2mdist/[22m[32mmanifest.json                       [39m[1m[2m 0.52 kB[22m[1m[22m[2m │ gzip:  0.29 kB[22m
[2mdist/[22m[36massets/index.ts-CXXf6R6r.js         [39m[1m[2m41.25 kB[22m[1m[22m[2m │ gzip: 13.81 kB[22m
[32m✓ built in 261ms[39m

  6 passed (11.3s)
